2025-04-14 12:57:35 - INFO - root - File logging initialisiert. Log-Datei: C:\Users\Administrator\Documents\Github\DrugsDealerGame\DrugDealerGame\data\logs\main_2025-04-14_12-57-35.log
2025-04-14 12:57:35 - DEBUG - __main__ - Skriptverzeichnis ermittelt: C:\Users\Administrator\Documents\Github\DrugsDealerGame\DrugDealerGame
2025-04-14 12:57:35 - DEBUG - __main__ - Vollständiger Pfad zur Musikdatei wird sein: C:\Users\Administrator\Documents\Github\DrugsDealerGame\DrugDealerGame\data\sounds\background\menu_background_music.wav
2025-04-14 12:57:35 - DEBUG - __main__ - Vollständiger Pfad zur Einstellungsdatei wird sein: C:\Users\Administrator\Documents\Github\DrugsDealerGame\DrugDealerGame\data\settings\settings.json
2025-04-14 12:57:35 - DEBUG - __main__ - Vollständiger Pfad zum Hintergrundbild wird sein: C:\Users\Administrator\Documents\Github\DrugsDealerGame\DrugDealerGame\data\bilder\main_menu_background.png
2025-04-14 12:57:35 - DEBUG - __main__ - Vollständiger Pfad zum Hauptspiel-Skript wird sein: C:\Users\Administrator\Documents\Github\DrugsDealerGame\DrugDealerGame\data\etc\game.py
2025-04-14 12:57:35 - INFO - __main__ - Main Menu wird initialisiert...
2025-04-14 12:57:35 - DEBUG - __main__ - Hilfsmodule (settings, options) erfolgreich importiert.
2025-04-14 12:57:35 - INFO - __main__ - Einstellungen geladen aus C:\Users\Administrator\Documents\Github\DrugsDealerGame\DrugDealerGame\data\settings\settings.json: {'music_volume': 0.4765625, 'sfx_volume': 0.4791666666666667, 'master_volume': 0.4574652777777778}
2025-04-14 12:57:35 - WARNING - __main__ - Immersive Mode fehlgeschlagen oder nicht Android: Unable to find JAVA_HOME
2025-04-14 12:57:35 - DEBUG - __main__ - Versuche Import von: data.miniGame.zipWeed.zipWeed
2025-04-14 12:57:35 - DEBUG - __main__ - Import von data.miniGame.zipWeed.zipWeed erfolgreich.
2025-04-14 12:57:35 - DEBUG - __main__ - Versuche Import von: data.miniGame.cockCrack.cockCrack
2025-04-14 12:57:35 - DEBUG - __main__ - Import von data.miniGame.cockCrack.cockCrack erfolgreich.
2025-04-14 12:57:35 - INFO - __main__ - Pygame initialisiert.
2025-04-14 12:57:35 - INFO - __main__ - Pygame Mixer erfolgreich initialisiert.
2025-04-14 12:57:35 - INFO - __main__ - Musiklautstärke auf 0.48 gesetzt.
2025-04-14 12:57:35 - INFO - __main__ - Hauptmenü Bildschirmgröße erkannt: 1920x1200
2025-04-14 12:57:35 - INFO - __main__ - Hintergrundbild geladen und skaliert: C:\Users\Administrator\Documents\Github\DrugsDealerGame\DrugDealerGame\data\bilder\main_menu_background.png
2025-04-14 12:57:35 - DEBUG - __main__ - Status-Schriftart 'arial' geladen (Größe 44).
2025-04-14 12:57:35 - DEBUG - __main__ - Prüfe Existenz von: C:\Users\Administrator\Documents\Github\DrugsDealerGame\DrugDealerGame\data\sounds\background\menu_background_music.wav
2025-04-14 12:57:35 - INFO - __main__ - Musikdatei 'C:\Users\Administrator\Documents\Github\DrugsDealerGame\DrugDealerGame\data\sounds\background\menu_background_music.wav' geladen.
2025-04-14 12:57:35 - DEBUG - __main__ - Lautstärke gesetzt auf 0.48
2025-04-14 12:57:35 - INFO - __main__ - Musikwiedergabe gestartet (Looping).
2025-04-14 12:57:35 - INFO - __main__ - Hauptschleife startet.
2025-04-14 12:57:39 - INFO - __main__ - Button 'Hauptspiel' geklickt. Versuche Spiel zu starten: C:\Users\Administrator\Documents\Github\DrugsDealerGame\DrugDealerGame\data\etc\game.py
2025-04-14 12:57:39 - INFO - __main__ - Beende Menü-Pygame und starte Hauptspiel via os.execv...
2025-04-14 12:57:39 - INFO - __main__ - Musik gestoppt.
2025-04-14 12:57:39 - INFO - __main__ - Menü-Pygame beendet.
2025-04-14 12:57:39 - INFO - __main__ - Führe os.execv aus mit: ['C:\\Users\\Administrator\\AppData\\Local\\Programs\\Python\\Python312\\python.exe', 'C:\\Users\\Administrator\\Documents\\Github\\DrugsDealerGame\\DrugDealerGame\\data\\etc\\game.py']
